[1/1] Cleaning all built files...
Cleaning... 54 files.
[1/54] Building CXX object CMakeFiles/mcr.dir/src/geometry/aabb.cpp.o
[2/54] Building CXX object CMakeFiles/mcr.dir/src/math/rational.cpp.o
[3/54] Building CXX object CMakeFiles/mcr.dir/src/grid/grid.cpp.o
[4/54] Building CXX object CMakeFiles/mcr.dir/src/grid/traversal.cpp.o
[5/54] Building CXX object CMakeFiles/mcr.dir/src/camera/pinhole.cpp.o
[6/54] Building CXX object CMakeFiles/mcr.dir/src/model/a1.cpp.o
[7/54] Building CXX object CMakeFiles/mcr.dir/src/model/a0.cpp.o
[8/54] Building CXX object CMakeFiles/mcr.dir/src/render/a0.cpp.o
[9/54] Building CXX object CMakeFiles/mcr.dir/src/render/a1.cpp.o
[10/54] Building CXX object CMakeFiles/mcr.dir/src/inference/automaton.cpp.o
[11/54] Building CXX object CMakeFiles/mcr.dir/src/inference/constraint.cpp.o
[12/54] Building CXX object CMakeFiles/mcr.dir/src/inference/a1_constraint.cpp.o
[13/54] Building CXX object CMakeFiles/mcr.dir/src/inference/a1_problem.cpp.o
[14/54] Building CXX object CMakeFiles/mcr.dir/src/inference/a1_gac.cpp.o
[15/54] Building CXX object CMakeFiles/mcr.dir/src/inference/a1_feasibility.cpp.o
[16/54] Building CXX object CMakeFiles/mcr.dir/src/inference/a1_support_query.cpp.o
[17/54] Building CXX object CMakeFiles/mcr.dir/src/inference/a1_supports.cpp.o
[18/54] Building CXX object CMakeFiles/mcr.dir/src/inference/gac.cpp.o
[19/54] Building CXX object CMakeFiles/mcr_experiments.dir/src/experiments/cameras.cpp.o
[20/54] Building CXX object CMakeFiles/mcr.dir/src/inference/a0_solver.cpp.o
[21/54] Linking CXX static library libmcr.a
[22/54] Building CXX object CMakeFiles/mcr_experiments.dir/src/experiments/a0.cpp.o
[23/54] Linking CXX static library libmcr_experiments.a
[24/54] Building CXX object CMakeFiles/mcr_a0_benchmark.dir/experiments/a0_benchmark.cpp.o
[25/54] Building CXX object CMakeFiles/geometry_tests.dir/tests/geometry_tests.cpp.o
[26/54] Building CXX object CMakeFiles/render_tests.dir/tests/render_tests.cpp.o
[27/54] Building CXX object CMakeFiles/a1_render_tests.dir/tests/a1_render_tests.cpp.o
[28/54] Building CXX object CMakeFiles/a1_geometry_tests.dir/tests/a1_geometry_tests.cpp.o
[29/54] Building CXX object CMakeFiles/constraint_tests.dir/tests/constraint_tests.cpp.o
[30/54] Building CXX object CMakeFiles/a1_constraint_tests.dir/tests/a1_constraint_tests.cpp.o
[31/54] Building CXX object CMakeFiles/a1_propagation_tests.dir/tests/a1_propagation_tests.cpp.o
[32/54] Building CXX object CMakeFiles/a1_feasibility_tests.dir/tests/a1_feasibility_tests.cpp.o
[33/54] Building CXX object CMakeFiles/a1_support_query_tests.dir/tests/a1_support_query_tests.cpp.o
[34/54] Building CXX object CMakeFiles/a1_projection_tests.dir/tests/a1_projection_tests.cpp.o
[35/54] Building CXX object CMakeFiles/inference_tests.dir/tests/inference_tests.cpp.o
[36/54] Building CXX object CMakeFiles/adversarial_tests.dir/tests/adversarial_tests.cpp.o
[37/54] Building CXX object CMakeFiles/a0_acceptance.dir/tests/a0_acceptance.cpp.o
[38/54] Building CXX object CMakeFiles/a1_acceptance.dir/tests/fixtures/a1_corpus.cpp.o
[39/54] Linking CXX executable mcr_a0_benchmark
[40/54] Linking CXX executable geometry_tests
[41/54] Linking CXX executable render_tests
[42/54] Linking CXX executable a1_render_tests
[43/54] Linking CXX executable a1_geometry_tests
[44/54] Linking CXX executable constraint_tests
[45/54] Linking CXX executable a1_constraint_tests
[46/54] Linking CXX executable a1_propagation_tests
[47/54] Linking CXX executable a1_feasibility_tests
[48/54] Linking CXX executable a1_support_query_tests
[49/54] Building CXX object CMakeFiles/a1_acceptance.dir/tests/a1_acceptance.cpp.o
[50/54] Linking CXX executable a1_projection_tests
[51/54] Linking CXX executable inference_tests
[52/54] Linking CXX executable adversarial_tests
[53/54] Linking CXX executable a0_acceptance
[54/54] Linking CXX executable a1_acceptance
