Test project /workspace/scratch/6ba1826515f8/mcr-milestone-2a/build/release
      Start 23: python_a1_support_query_export
      Start 13: python_oracle_export
 1/28 Test #23: python_a1_support_query_export ......   Passed    0.60 sec
      Start 25: python_a1_projection_export
 2/28 Test #25: python_a1_projection_export .........   Passed    0.20 sec
      Start 16: python_a1_oracle_export
 3/28 Test #16: python_a1_oracle_export .............   Passed    1.58 sec
      Start 19: python_a1_propagation_export
 4/28 Test #19: python_a1_propagation_export ........   Passed    0.30 sec
      Start 21: python_a1_feasibility_export
 5/28 Test #21: python_a1_feasibility_export ........   Passed    0.25 sec
      Start 27: python_a1_acceptance_export
 6/28 Test #13: python_oracle_export ................   Passed    9.69 sec
      Start 17: python_a1_render_agreement
 7/28 Test #17: python_a1_render_agreement ..........   Passed    1.32 sec
      Start  3: a1_render_tests
 8/28 Test  #3: a1_render_tests .....................   Passed    1.10 sec
      Start 15: a0_acceptance
 9/28 Test #15: a0_acceptance .......................   Passed    0.94 sec
      Start 10: a1_projection_tests
10/28 Test #10: a1_projection_tests .................   Passed    0.07 sec
      Start  9: a1_support_query_tests
11/28 Test  #9: a1_support_query_tests ..............   Passed    0.15 sec
      Start 14: python_render_agreement
12/28 Test #14: python_render_agreement .............   Passed    0.17 sec
      Start  7: a1_propagation_tests
13/28 Test  #7: a1_propagation_tests ................   Passed    0.15 sec
      Start  8: a1_feasibility_tests
14/28 Test  #8: a1_feasibility_tests ................   Passed    0.07 sec
      Start  2: render_tests
15/28 Test  #2: render_tests ........................   Passed    0.16 sec
      Start 18: python_a1_constraint_agreement
16/28 Test #18: python_a1_constraint_agreement ......   Passed    0.13 sec
      Start  6: a1_constraint_tests
17/28 Test  #6: a1_constraint_tests .................   Passed    0.08 sec
      Start 26: python_a1_projection_agreement
18/28 Test #26: python_a1_projection_agreement ......   Passed    0.01 sec
      Start 24: python_a1_support_query_agreement
19/28 Test #24: python_a1_support_query_agreement ...   Passed    0.02 sec
      Start 12: adversarial_tests
20/28 Test #12: adversarial_tests ...................   Passed    0.03 sec
      Start 11: inference_tests
21/28 Test #11: inference_tests .....................   Passed    0.03 sec
      Start  1: geometry_tests
22/28 Test  #1: geometry_tests ......................   Passed    0.04 sec
      Start  5: constraint_tests
23/28 Test  #5: constraint_tests ....................   Passed    0.02 sec
      Start 22: python_a1_feasibility_agreement
24/28 Test #22: python_a1_feasibility_agreement .....   Passed    0.01 sec
      Start 20: python_a1_propagation_agreement
25/28 Test #20: python_a1_propagation_agreement .....   Passed    0.01 sec
      Start  4: a1_geometry_tests
26/28 Test  #4: a1_geometry_tests ...................   Passed    0.00 sec
27/28 Test #27: python_a1_acceptance_export .........   Passed   82.16 sec
      Start 28: a1_acceptance
28/28 Test #28: a1_acceptance .......................   Passed    6.96 sec

100% tests passed out of 28

Total Test time (real) =  92.05 sec
