PASS 1/74 r8_m000_split {'cases': 934, 'runs': 28272, 'direct_queries': 5856, 'verified_witnesses': 26180, 'unresolved': 0, 'peak_process_rss_kib': 12772}
PASS 2/74 r8_m000_same {'cases': 934, 'runs': 28272, 'direct_queries': 5856, 'verified_witnesses': 26180, 'unresolved': 0, 'peak_process_rss_kib': 15076}
PASS 3/74 r16_m000_split {'cases': 1289, 'runs': 37080, 'direct_queries': 6144, 'verified_witnesses': 33718, 'unresolved': 0, 'peak_process_rss_kib': 15096}
PASS 4/74 r16_m000_same {'cases': 1289, 'runs': 37080, 'direct_queries': 6144, 'verified_witnesses': 33718, 'unresolved': 0, 'peak_process_rss_kib': 15288}
PASS 5/74 r8_m001_same {'cases': 1367, 'runs': 38952, 'direct_queries': 6144, 'verified_witnesses': 38460, 'unresolved': 0, 'peak_process_rss_kib': 15356}
PASS 6/74 r8_m001_split {'cases': 1423, 'runs': 40392, 'direct_queries': 6240, 'verified_witnesses': 39462, 'unresolved': 0, 'peak_process_rss_kib': 15356}
PASS 7/74 r8_m128_split {'cases': 1454, 'runs': 41136, 'direct_queries': 6240, 'verified_witnesses': 40352, 'unresolved': 0, 'peak_process_rss_kib': 15456}
PASS 8/74 r8_m128_same {'cases': 1412, 'runs': 40128, 'direct_queries': 6240, 'verified_witnesses': 39548, 'unresolved': 0, 'peak_process_rss_kib': 15648}
PASS 9/74 r8_m002_same {'cases': 1363, 'runs': 38856, 'direct_queries': 6144, 'verified_witnesses': 38514, 'unresolved': 0, 'peak_process_rss_kib': 15648}
PASS 10/74 r8_m002_split {'cases': 1423, 'runs': 40392, 'direct_queries': 6240, 'verified_witnesses': 39448, 'unresolved': 0, 'peak_process_rss_kib': 15648}
PASS 11/74 r8_m004_split {'cases': 1400, 'runs': 39744, 'direct_queries': 6144, 'verified_witnesses': 38948, 'unresolved': 0, 'peak_process_rss_kib': 15648}
PASS 12/74 r8_m004_same {'cases': 1358, 'runs': 38736, 'direct_queries': 6144, 'verified_witnesses': 38196, 'unresolved': 0, 'peak_process_rss_kib': 15648}
PASS 13/74 r8_m003_same {'cases': 1998, 'runs': 54864, 'direct_queries': 6912, 'verified_witnesses': 57460, 'unresolved': 0, 'peak_process_rss_kib': 15648}
PASS 14/74 r8_m003_split {'cases': 2169, 'runs': 59064, 'direct_queries': 7008, 'verified_witnesses': 60334, 'unresolved': 0, 'peak_process_rss_kib': 16048}
PASS 15/74 r8_m192_split {'cases': 2260, 'runs': 61248, 'direct_queries': 7008, 'verified_witnesses': 62106, 'unresolved': 0, 'peak_process_rss_kib': 16164}
PASS 16/74 r8_m192_same {'cases': 2120, 'runs': 57888, 'direct_queries': 7008, 'verified_witnesses': 59452, 'unresolved': 0, 'peak_process_rss_kib': 16252}
PASS 17/74 r8_m024_same {'cases': 1923, 'runs': 52968, 'direct_queries': 6816, 'verified_witnesses': 56436, 'unresolved': 0, 'peak_process_rss_kib': 16264}
PASS 18/74 r8_m024_split {'cases': 2132, 'runs': 58080, 'direct_queries': 6912, 'verified_witnesses': 59886, 'unresolved': 0, 'peak_process_rss_kib': 16264}
PASS 19/74 r8_m036_split {'cases': 2150, 'runs': 58512, 'direct_queries': 6912, 'verified_witnesses': 59896, 'unresolved': 0, 'peak_process_rss_kib': 16264}
PASS 20/74 r8_m036_same {'cases': 1963, 'runs': 54024, 'direct_queries': 6912, 'verified_witnesses': 56472, 'unresolved': 0, 'peak_process_rss_kib': 16264}
PASS 21/74 r8_m007_same {'cases': 3013, 'runs': 80184, 'direct_queries': 7872, 'verified_witnesses': 86774, 'unresolved': 0, 'peak_process_rss_kib': 16264}
PASS 22/74 r8_m007_split {'cases': 3289, 'runs': 87000, 'direct_queries': 8064, 'verified_witnesses': 91510, 'unresolved': 0, 'peak_process_rss_kib': 16792}
PASS 23/74 r8_m224_split {'cases': 3476, 'runs': 91680, 'direct_queries': 8256, 'verified_witnesses': 95088, 'unresolved': 0, 'peak_process_rss_kib': 17012}
PASS 24/74 r8_m224_same {'cases': 3138, 'runs': 83280, 'direct_queries': 7968, 'verified_witnesses': 88924, 'unresolved': 0, 'peak_process_rss_kib': 17156}
PASS 25/74 r8_m025_same {'cases': 2715, 'runs': 72648, 'direct_queries': 7488, 'verified_witnesses': 80518, 'unresolved': 0, 'peak_process_rss_kib': 17160}
PASS 26/74 r8_m025_split {'cases': 3184, 'runs': 84288, 'direct_queries': 7872, 'verified_witnesses': 89418, 'unresolved': 0, 'peak_process_rss_kib': 17224}
PASS 27/74 r8_m044_split {'cases': 3325, 'runs': 87864, 'direct_queries': 8064, 'verified_witnesses': 92480, 'unresolved': 0, 'peak_process_rss_kib': 17224}
PASS 28/74 r8_m044_same {'cases': 2894, 'runs': 77136, 'direct_queries': 7680, 'verified_witnesses': 84506, 'unresolved': 0, 'peak_process_rss_kib': 17228}
PASS 29/74 r8_m015_same {'cases': 4448, 'runs': 116064, 'direct_queries': 9312, 'verified_witnesses': 130282, 'unresolved': 0, 'peak_process_rss_kib': 17228}
PASS 30/74 r8_m015_split {'cases': 5091, 'runs': 132072, 'direct_queries': 9888, 'verified_witnesses': 141658, 'unresolved': 0, 'peak_process_rss_kib': 17932}
PASS 31/74 r16_m015_same {'cases': 6437, 'runs': 165720, 'direct_queries': 11232, 'verified_witnesses': 170242, 'unresolved': 0, 'peak_process_rss_kib': 18404}
PASS 32/74 r16_m015_split {'cases': 6580, 'runs': 169344, 'direct_queries': 11424, 'verified_witnesses': 172522, 'unresolved': 0, 'peak_process_rss_kib': 19420}
PASS 33/74 r8_m240_split {'cases': 5254, 'runs': 136080, 'direct_queries': 9984, 'verified_witnesses': 144680, 'unresolved': 0, 'peak_process_rss_kib': 19428}
PASS 34/74 r8_m240_same {'cases': 4683, 'runs': 121896, 'direct_queries': 9504, 'verified_witnesses': 134372, 'unresolved': 0, 'peak_process_rss_kib': 19428}
PASS 35/74 r16_m240_split {'cases': 6649, 'runs': 171000, 'direct_queries': 11424, 'verified_witnesses': 173348, 'unresolved': 0, 'peak_process_rss_kib': 19428}
PASS 36/74 r16_m240_same {'cases': 6445, 'runs': 165912, 'direct_queries': 11232, 'verified_witnesses': 170366, 'unresolved': 0, 'peak_process_rss_kib': 19712}
PASS 37/74 r8_m060_same {'cases': 4291, 'runs': 111912, 'direct_queries': 8928, 'verified_witnesses': 126508, 'unresolved': 0, 'peak_process_rss_kib': 19712}
PASS 38/74 r8_m060_split {'cases': 4996, 'runs': 129696, 'direct_queries': 9792, 'verified_witnesses': 139980, 'unresolved': 0, 'peak_process_rss_kib': 19712}
PASS 39/74 r16_m060_same {'cases': 6241, 'runs': 160824, 'direct_queries': 11040, 'verified_witnesses': 167244, 'unresolved': 0, 'peak_process_rss_kib': 19712}
PASS 40/74 r16_m060_split {'cases': 6469, 'runs': 166488, 'direct_queries': 11232, 'verified_witnesses': 171054, 'unresolved': 0, 'peak_process_rss_kib': 19712}
PASS 41/74 r8_m090_split {'cases': 5174, 'runs': 134160, 'direct_queries': 9984, 'verified_witnesses': 143566, 'unresolved': 0, 'peak_process_rss_kib': 19712}
PASS 42/74 r8_m090_same {'cases': 4489, 'runs': 116952, 'direct_queries': 9216, 'verified_witnesses': 131980, 'unresolved': 0, 'peak_process_rss_kib': 19712}
PASS 43/74 r16_m090_split {'cases': 6561, 'runs': 168792, 'direct_queries': 11328, 'verified_witnesses': 172388, 'unresolved': 0, 'peak_process_rss_kib': 19712}
PASS 44/74 r16_m090_same {'cases': 6355, 'runs': 163560, 'direct_queries': 11040, 'verified_witnesses': 169132, 'unresolved': 0, 'peak_process_rss_kib': 19712}
PASS 45/74 r8_m031_same {'cases': 6017, 'runs': 155256, 'direct_queries': 10848, 'verified_witnesses': 182096, 'unresolved': 0, 'peak_process_rss_kib': 19712}
PASS 46/74 r8_m031_split {'cases': 7309, 'runs': 187416, 'direct_queries': 12000, 'verified_witnesses': 206348, 'unresolved': 0, 'peak_process_rss_kib': 19712}
PASS 47/74 r8_m248_split {'cases': 7555, 'runs': 193608, 'direct_queries': 12288, 'verified_witnesses': 211197, 'unresolved': 0, 'peak_process_rss_kib': 20224}
PASS 48/74 r8_m248_same {'cases': 6360, 'runs': 163872, 'direct_queries': 11232, 'verified_witnesses': 187586, 'unresolved': 0, 'peak_process_rss_kib': 20480}
PASS 49/74 r8_m103_same {'cases': 6089, 'runs': 156984, 'direct_queries': 10848, 'verified_witnesses': 177736, 'unresolved': 0, 'peak_process_rss_kib': 20480}
PASS 50/74 r8_m103_split {'cases': 7353, 'runs': 188568, 'direct_queries': 12096, 'verified_witnesses': 203104, 'unresolved': 0, 'peak_process_rss_kib': 20480}
PASS 51/74 r8_m173_split {'cases': 7503, 'runs': 192456, 'direct_queries': 12384, 'verified_witnesses': 208965, 'unresolved': 0, 'peak_process_rss_kib': 20480}
PASS 52/74 r8_m173_same {'cases': 6266, 'runs': 161520, 'direct_queries': 11136, 'verified_witnesses': 184552, 'unresolved': 0, 'peak_process_rss_kib': 20480}
PASS 53/74 r8_m063_same {'cases': 8050, 'runs': 206064, 'direct_queries': 12864, 'verified_witnesses': 249086, 'unresolved': 0, 'peak_process_rss_kib': 20480}
PASS 54/74 r8_m063_split {'cases': 10773, 'runs': 274104, 'direct_queries': 15552, 'verified_witnesses': 304652, 'unresolved': 0, 'peak_process_rss_kib': 20864}
PASS 55/74 r8_m252_split {'cases': 10703, 'runs': 272232, 'direct_queries': 15360, 'verified_witnesses': 302395, 'unresolved': 0, 'peak_process_rss_kib': 22912}
PASS 56/74 r8_m252_same {'cases': 8733, 'runs': 223128, 'direct_queries': 13536, 'verified_witnesses': 261448, 'unresolved': 0, 'peak_process_rss_kib': 22912}
PASS 57/74 r8_m219_same {'cases': 9082, 'runs': 231792, 'direct_queries': 13824, 'verified_witnesses': 270986, 'unresolved': 0, 'peak_process_rss_kib': 22912}
PASS 58/74 r8_m219_split {'cases': 11302, 'runs': 287184, 'direct_queries': 15936, 'verified_witnesses': 313751, 'unresolved': 0, 'peak_process_rss_kib': 22912}
PASS 59/74 r8_m231_split {'cases': 11401, 'runs': 289656, 'direct_queries': 16032, 'verified_witnesses': 314014, 'unresolved': 0, 'peak_process_rss_kib': 23316}
PASS 60/74 r8_m231_same {'cases': 9406, 'runs': 239856, 'direct_queries': 14112, 'verified_witnesses': 274736, 'unresolved': 0, 'peak_process_rss_kib': 23700}
PASS 61/74 r8_m127_same {'cases': 11770, 'runs': 299088, 'direct_queries': 16608, 'verified_witnesses': 362932, 'unresolved': 0, 'peak_process_rss_kib': 23700}
PASS 62/74 r8_m127_split {'cases': 15796, 'runs': 399648, 'direct_queries': 20544, 'verified_witnesses': 446700, 'unresolved': 0, 'peak_process_rss_kib': 23700}
PASS 63/74 r8_m254_split {'cases': 15696, 'runs': 397056, 'direct_queries': 20352, 'verified_witnesses': 443099, 'unresolved': 0, 'peak_process_rss_kib': 26644}
PASS 64/74 r8_m254_same {'cases': 12241, 'runs': 310872, 'direct_queries': 17088, 'verified_witnesses': 370976, 'unresolved': 0, 'peak_process_rss_kib': 26644}
PASS 65/74 r8_m191_same {'cases': 11711, 'runs': 297576, 'direct_queries': 16512, 'verified_witnesses': 360014, 'unresolved': 0, 'peak_process_rss_kib': 26712}
PASS 66/74 r8_m191_split {'cases': 15731, 'runs': 397992, 'direct_queries': 20448, 'verified_witnesses': 444147, 'unresolved': 0, 'peak_process_rss_kib': 26712}
PASS 67/74 r8_m223_split {'cases': 15684, 'runs': 396768, 'direct_queries': 20352, 'verified_witnesses': 443024, 'unresolved': 0, 'peak_process_rss_kib': 26712}
PASS 68/74 r8_m223_same {'cases': 12397, 'runs': 314712, 'direct_queries': 17184, 'verified_witnesses': 377726, 'unresolved': 0, 'peak_process_rss_kib': 26712}
PASS 69/74 r8_m255_same {'cases': 16702, 'runs': 422256, 'direct_queries': 21408, 'verified_witnesses': 517078, 'unresolved': 0, 'peak_process_rss_kib': 26712}
PASS 70/74 r8_m255_split {'cases': 22778, 'runs': 574032, 'direct_queries': 27360, 'verified_witnesses': 645718, 'unresolved': 0, 'peak_process_rss_kib': 27352}
PASS 71/74 r16_m255_same {'cases': 28465, 'runs': 716088, 'direct_queries': 32928, 'verified_witnesses': 792670, 'unresolved': 0, 'peak_process_rss_kib': 31960}
PASS 72/74 r16_m255_split {'cases': 30756, 'runs': 773376, 'direct_queries': 35232, 'verified_witnesses': 831446, 'unresolved': 0, 'peak_process_rss_kib': 36060}
PASS 73/74 structured_split {'cases': 6, 'runs': 720, 'direct_queries': 576, 'verified_witnesses': 404, 'unresolved': 0, 'peak_process_rss_kib': 37848}
PASS 74/74 structured_same {'cases': 6, 'runs': 720, 'direct_queries': 576, 'verified_witnesses': 424, 'unresolved': 0, 'peak_process_rss_kib': 37848}
{"cases": 491199, "runs": 12624840, "direct_queries": 836064, "verified_witnesses": 13962316, "unresolved": 0}
