PACK collection.json
PACK protocol.json
PACK provenance.json
PACK r16_m000_same.cases.csv.gz
PACK r16_m000_same.json
PACK r16_m000_same.log
PACK r16_m000_same.runs.csv.gz
PACK r16_m000_same.spots.jsonl.gz
PACK r16_m000_split.cases.csv.gz
PACK r16_m000_split.json
PACK r16_m000_split.log
PACK r16_m000_split.runs.csv.gz
PACK r16_m000_split.spots.jsonl.gz
PACK r16_m015_same.cases.csv.gz
PACK r16_m015_same.json
PACK r16_m015_same.log
PACK r16_m015_same.runs.csv.gz
PACK r16_m015_same.spots.jsonl.gz
PACK r16_m015_split.cases.csv.gz
PACK r16_m015_split.json
PACK r16_m015_split.log
PACK r16_m015_split.runs.csv.gz
PACK r16_m015_split.spots.jsonl.gz
PACK r16_m060_same.cases.csv.gz
PACK r16_m060_same.json
PACK r16_m060_same.log
PACK r16_m060_same.runs.csv.gz
PACK r16_m060_same.spots.jsonl.gz
PACK r16_m060_split.cases.csv.gz
PACK r16_m060_split.json
PACK r16_m060_split.log
PACK r16_m060_split.runs.csv.gz
PACK r16_m060_split.spots.jsonl.gz
PACK r16_m090_same.cases.csv.gz
PACK r16_m090_same.json
PACK r16_m090_same.log
PACK r16_m090_same.runs.csv.gz
PACK r16_m090_same.spots.jsonl.gz
PACK r16_m090_split.cases.csv.gz
PACK r16_m090_split.json
PACK r16_m090_split.log
PACK r16_m090_split.runs.csv.gz
PACK r16_m090_split.spots.jsonl.gz
PACK r16_m240_same.cases.csv.gz
PACK r16_m240_same.json
PACK r16_m240_same.log
PACK r16_m240_same.runs.csv.gz
PACK r16_m240_same.spots.jsonl.gz
PACK r16_m240_split.cases.csv.gz
PACK r16_m240_split.json
PACK r16_m240_split.log
PACK r16_m240_split.runs.csv.gz
PACK r16_m240_split.spots.jsonl.gz
PACK r16_m255_same.cases.csv.gz
PACK r16_m255_same.json
PACK r16_m255_same.log
PACK r16_m255_same.runs.csv.gz
PACK r16_m255_same.spots.jsonl.gz
PACK r16_m255_split.cases.csv.gz
PACK r16_m255_split.json
PACK r16_m255_split.log
PACK r16_m255_split.runs.csv.gz
PACK r16_m255_split.spots.jsonl.gz
PACK r8_m000_same.cases.csv.gz
PACK r8_m000_same.json
PACK r8_m000_same.log
PACK r8_m000_same.runs.csv.gz
PACK r8_m000_same.spots.jsonl.gz
PACK r8_m000_split.cases.csv.gz
PACK r8_m000_split.json
PACK r8_m000_split.log
PACK r8_m000_split.runs.csv.gz
PACK r8_m000_split.spots.jsonl.gz
PACK r8_m001_same.cases.csv.gz
PACK r8_m001_same.json
PACK r8_m001_same.log
PACK r8_m001_same.runs.csv.gz
PACK r8_m001_same.spots.jsonl.gz
PACK r8_m001_split.cases.csv.gz
PACK r8_m001_split.json
PACK r8_m001_split.log
PACK r8_m001_split.runs.csv.gz
PACK r8_m001_split.spots.jsonl.gz
PACK r8_m002_same.cases.csv.gz
PACK r8_m002_same.json
PACK r8_m002_same.log
PACK r8_m002_same.runs.csv.gz
PACK r8_m002_same.spots.jsonl.gz
PACK r8_m002_split.cases.csv.gz
PACK r8_m002_split.json
PACK r8_m002_split.log
PACK r8_m002_split.runs.csv.gz
PACK r8_m002_split.spots.jsonl.gz
PACK r8_m003_same.cases.csv.gz
PACK r8_m003_same.json
PACK r8_m003_same.log
PACK r8_m003_same.runs.csv.gz
PACK r8_m003_same.spots.jsonl.gz
PACK r8_m003_split.cases.csv.gz
PACK r8_m003_split.json
PACK r8_m003_split.log
PACK r8_m003_split.runs.csv.gz
PACK r8_m003_split.spots.jsonl.gz
PACK r8_m004_same.cases.csv.gz
PACK r8_m004_same.json
PACK r8_m004_same.log
PACK r8_m004_same.runs.csv.gz
PACK r8_m004_same.spots.jsonl.gz
PACK r8_m004_split.cases.csv.gz
PACK r8_m004_split.json
PACK r8_m004_split.log
PACK r8_m004_split.runs.csv.gz
PACK r8_m004_split.spots.jsonl.gz
PACK r8_m007_same.cases.csv.gz
PACK r8_m007_same.json
PACK r8_m007_same.log
PACK r8_m007_same.runs.csv.gz
PACK r8_m007_same.spots.jsonl.gz
PACK r8_m007_split.cases.csv.gz
PACK r8_m007_split.json
PACK r8_m007_split.log
PACK r8_m007_split.runs.csv.gz
PACK r8_m007_split.spots.jsonl.gz
PACK r8_m015_same.cases.csv.gz
PACK r8_m015_same.json
PACK r8_m015_same.log
PACK r8_m015_same.runs.csv.gz
PACK r8_m015_same.spots.jsonl.gz
PACK r8_m015_split.cases.csv.gz
PACK r8_m015_split.json
PACK r8_m015_split.log
PACK r8_m015_split.runs.csv.gz
PACK r8_m015_split.spots.jsonl.gz
PACK r8_m024_same.cases.csv.gz
PACK r8_m024_same.json
PACK r8_m024_same.log
PACK r8_m024_same.runs.csv.gz
PACK r8_m024_same.spots.jsonl.gz
PACK r8_m024_split.cases.csv.gz
PACK r8_m024_split.json
PACK r8_m024_split.log
PACK r8_m024_split.runs.csv.gz
PACK r8_m024_split.spots.jsonl.gz
PACK r8_m025_same.cases.csv.gz
PACK r8_m025_same.json
PACK r8_m025_same.log
PACK r8_m025_same.runs.csv.gz
PACK r8_m025_same.spots.jsonl.gz
PACK r8_m025_split.cases.csv.gz
PACK r8_m025_split.json
PACK r8_m025_split.log
PACK r8_m025_split.runs.csv.gz
PACK r8_m025_split.spots.jsonl.gz
PACK r8_m031_same.cases.csv.gz
PACK r8_m031_same.json
PACK r8_m031_same.log
PACK r8_m031_same.runs.csv.gz
PACK r8_m031_same.spots.jsonl.gz
PACK r8_m031_split.cases.csv.gz
PACK r8_m031_split.json
PACK r8_m031_split.log
PACK r8_m031_split.runs.csv.gz
PACK r8_m031_split.spots.jsonl.gz
PACK r8_m036_same.cases.csv.gz
PACK r8_m036_same.json
PACK r8_m036_same.log
PACK r8_m036_same.runs.csv.gz
PACK r8_m036_same.spots.jsonl.gz
PACK r8_m036_split.cases.csv.gz
PACK r8_m036_split.json
PACK r8_m036_split.log
PACK r8_m036_split.runs.csv.gz
PACK r8_m036_split.spots.jsonl.gz
PACK r8_m044_same.cases.csv.gz
PACK r8_m044_same.json
PACK r8_m044_same.log
PACK r8_m044_same.runs.csv.gz
PACK r8_m044_same.spots.jsonl.gz
PACK r8_m044_split.cases.csv.gz
PACK r8_m044_split.json
PACK r8_m044_split.log
PACK r8_m044_split.runs.csv.gz
PACK r8_m044_split.spots.jsonl.gz
PACK r8_m060_same.cases.csv.gz
PACK r8_m060_same.json
PACK r8_m060_same.log
PACK r8_m060_same.runs.csv.gz
PACK r8_m060_same.spots.jsonl.gz
PACK r8_m060_split.cases.csv.gz
PACK r8_m060_split.json
PACK r8_m060_split.log
PACK r8_m060_split.runs.csv.gz
PACK r8_m060_split.spots.jsonl.gz
PACK r8_m063_same.cases.csv.gz
PACK r8_m063_same.json
PACK r8_m063_same.log
PACK r8_m063_same.runs.csv.gz
PACK r8_m063_same.spots.jsonl.gz
PACK r8_m063_split.cases.csv.gz
PACK r8_m063_split.json
PACK r8_m063_split.log
PACK r8_m063_split.runs.csv.gz
PACK r8_m063_split.spots.jsonl.gz
PACK r8_m090_same.cases.csv.gz
PACK r8_m090_same.json
PACK r8_m090_same.log
PACK r8_m090_same.runs.csv.gz
PACK r8_m090_same.spots.jsonl.gz
PACK r8_m090_split.cases.csv.gz
PACK r8_m090_split.json
PACK r8_m090_split.log
PACK r8_m090_split.runs.csv.gz
PACK r8_m090_split.spots.jsonl.gz
PACK r8_m103_same.cases.csv.gz
PACK r8_m103_same.json
PACK r8_m103_same.log
PACK r8_m103_same.runs.csv.gz
PACK r8_m103_same.spots.jsonl.gz
PACK r8_m103_split.cases.csv.gz
PACK r8_m103_split.json
PACK r8_m103_split.log
PACK r8_m103_split.runs.csv.gz
PACK r8_m103_split.spots.jsonl.gz
PACK r8_m127_same.cases.csv.gz
PACK r8_m127_same.json
PACK r8_m127_same.log
PACK r8_m127_same.runs.csv.gz
PACK r8_m127_same.spots.jsonl.gz
PACK r8_m127_split.cases.csv.gz
PACK r8_m127_split.json
PACK r8_m127_split.log
PACK r8_m127_split.runs.csv.gz
PACK r8_m127_split.runs.csv.gz.tmp
PACK r8_m127_split.spots.jsonl.gz
PACK r8_m128_same.cases.csv.gz
PACK r8_m128_same.json
PACK r8_m128_same.log
PACK r8_m128_same.runs.csv.gz
PACK r8_m128_same.spots.jsonl.gz
PACK r8_m128_split.cases.csv.gz
PACK r8_m128_split.json
PACK r8_m128_split.log
PACK r8_m128_split.runs.csv.gz
PACK r8_m128_split.spots.jsonl.gz
PACK r8_m173_same.cases.csv.gz
PACK r8_m173_same.json
PACK r8_m173_same.log
PACK r8_m173_same.runs.csv.gz
PACK r8_m173_same.spots.jsonl.gz
PACK r8_m173_split.cases.csv.gz
PACK r8_m173_split.json
PACK r8_m173_split.log
PACK r8_m173_split.runs.csv.gz
PACK r8_m173_split.spots.jsonl.gz
PACK r8_m191_same.cases.csv.gz
PACK r8_m191_same.json
PACK r8_m191_same.log
PACK r8_m191_same.runs.csv.gz
PACK r8_m191_same.spots.jsonl.gz
PACK r8_m191_split.cases.csv.gz
PACK r8_m191_split.json
PACK r8_m191_split.log
PACK r8_m191_split.runs.csv.gz
PACK r8_m191_split.spots.jsonl.gz
PACK r8_m192_same.cases.csv.gz
PACK r8_m192_same.json
PACK r8_m192_same.log
PACK r8_m192_same.runs.csv.gz
PACK r8_m192_same.spots.jsonl.gz
PACK r8_m192_split.cases.csv.gz
PACK r8_m192_split.json
PACK r8_m192_split.log
PACK r8_m192_split.runs.csv.gz
PACK r8_m192_split.spots.jsonl.gz
PACK r8_m219_same.cases.csv.gz
PACK r8_m219_same.json
PACK r8_m219_same.log
PACK r8_m219_same.runs.csv.gz
PACK r8_m219_same.spots.jsonl.gz
PACK r8_m219_split.cases.csv.gz
PACK r8_m219_split.json
PACK r8_m219_split.log
PACK r8_m219_split.runs.csv.gz
PACK r8_m219_split.spots.jsonl.gz
PACK r8_m223_same.cases.csv.gz
PACK r8_m223_same.json
PACK r8_m223_same.log
PACK r8_m223_same.runs.csv.gz
PACK r8_m223_same.runs.csv.gz.tmp
PACK r8_m223_same.spots.jsonl.gz
PACK r8_m223_split.cases.csv.gz
PACK r8_m223_split.json
PACK r8_m223_split.log
PACK r8_m223_split.runs.csv.gz
PACK r8_m223_split.runs.csv.gz.tmp
PACK r8_m223_split.spots.jsonl.gz
PACK r8_m224_same.cases.csv.gz
PACK r8_m224_same.json
PACK r8_m224_same.log
PACK r8_m224_same.runs.csv.gz
PACK r8_m224_same.spots.jsonl.gz
PACK r8_m224_split.cases.csv.gz
PACK r8_m224_split.json
PACK r8_m224_split.log
PACK r8_m224_split.runs.csv.gz
PACK r8_m224_split.spots.jsonl.gz
PACK r8_m231_same.cases.csv.gz
PACK r8_m231_same.json
PACK r8_m231_same.log
PACK r8_m231_same.runs.csv.gz
PACK r8_m231_same.spots.jsonl.gz
PACK r8_m231_split.cases.csv.gz
PACK r8_m231_split.json
PACK r8_m231_split.log
PACK r8_m231_split.runs.csv.gz
PACK r8_m231_split.spots.jsonl.gz
PACK r8_m240_same.cases.csv.gz
PACK r8_m240_same.json
PACK r8_m240_same.log
PACK r8_m240_same.runs.csv.gz
PACK r8_m240_same.spots.jsonl.gz
PACK r8_m240_split.cases.csv.gz
PACK r8_m240_split.json
PACK r8_m240_split.log
PACK r8_m240_split.runs.csv.gz
PACK r8_m240_split.spots.jsonl.gz
PACK r8_m248_same.cases.csv.gz
PACK r8_m248_same.json
PACK r8_m248_same.log
PACK r8_m248_same.runs.csv.gz
PACK r8_m248_same.spots.jsonl.gz
PACK r8_m248_split.cases.csv.gz
PACK r8_m248_split.json
PACK r8_m248_split.log
PACK r8_m248_split.runs.csv.gz
PACK r8_m248_split.spots.jsonl.gz
PACK r8_m252_same.cases.csv.gz
PACK r8_m252_same.json
PACK r8_m252_same.log
PACK r8_m252_same.runs.csv.gz
PACK r8_m252_same.spots.jsonl.gz
PACK r8_m252_split.cases.csv.gz
PACK r8_m252_split.json
PACK r8_m252_split.log
PACK r8_m252_split.runs.csv.gz
PACK r8_m252_split.spots.jsonl.gz
PACK r8_m254_same.cases.csv.gz
PACK r8_m254_same.json
PACK r8_m254_same.log
PACK r8_m254_same.runs.csv.gz
PACK r8_m254_same.spots.jsonl.gz
PACK r8_m254_split.cases.csv.gz
PACK r8_m254_split.json
PACK r8_m254_split.log
PACK r8_m254_split.runs.csv.gz
PACK r8_m254_split.runs.csv.gz.tmp
PACK r8_m254_split.spots.jsonl.gz
PACK r8_m255_same.cases.csv.gz
PACK r8_m255_same.json
PACK r8_m255_same.log
PACK r8_m255_same.runs.csv.gz
PACK r8_m255_same.runs.csv.gz.tmp
PACK r8_m255_same.spots.jsonl.gz
PACK r8_m255_split.cases.csv.gz
PACK r8_m255_split.json
PACK r8_m255_split.log
PACK r8_m255_split.runs.csv.gz
PACK r8_m255_split.spots.jsonl.gz
PACK structured_same.cases.csv.gz
PACK structured_same.json
PACK structured_same.log
PACK structured_same.runs.csv.gz
PACK structured_same.spots.jsonl.gz
PACK structured_split.cases.csv.gz
PACK structured_split.json
PACK structured_split.log
PACK structured_split.runs.csv.gz
PACK structured_split.spots.jsonl.gz
{"schema": "MCR-A2-TRANSPORT-1", "tar_sha256": "50873ceb5f05bfe1deff4243f391068a40fd96a7c3932560de47f72539f85eac", "bytes": 35102720, "tables": 148, "exact_csv_byte_roundtrips": 148, "records": 13116039, "original_csv_gzip_bytes": 80806663}
Final transport allowlist excluded 5 stale .tmp fragments; all 148 data tables unchanged.
{"tar_sha256": "f388eb8902c24eecc46f87de0004daac697b5ce4b89becda93bbe3b315b0cc9a", "bytes": 29777920, "tables": 148, "exact_csv_byte_roundtrips": 148, "records": 13116039}
