r8_m000_split 12
r8_m000_same 24
r16_m000_split 36
r16_m000_same 48
r8_m001_same 60
r8_m001_split 72
r8_m128_split 84
r8_m128_same 96
r8_m002_same 108
r8_m002_split 120
r8_m004_split 132
r8_m004_same 144
r8_m003_same 156
r8_m003_split 168
r8_m192_split 180
r8_m192_same 192
r8_m024_same 204
r8_m024_split 216
r8_m036_split 228
r8_m036_same 240
r8_m007_same 252
r8_m007_split 264
r8_m224_split 276
r8_m224_same 288
r8_m025_same 300
r8_m025_split 312
r8_m044_split 324
r8_m044_same 336
r8_m015_same 348
r8_m015_split 360
r16_m015_same 372
r16_m015_split 384
r8_m240_split 396
r8_m240_same 408
r16_m240_split 420
r16_m240_same 432
r8_m060_same 444
r8_m060_split 456
r16_m060_same 468
r16_m060_split 480
r8_m090_split 492
r8_m090_same 504
r16_m090_split 516
r16_m090_same 528
r8_m031_same 540
r8_m031_split 552
r8_m248_split 564
r8_m248_same 576
r8_m103_same 588
r8_m103_split 600
r8_m173_split 612
r8_m173_same 624
r8_m063_same 636
r8_m063_split 648
r8_m252_split 660
r8_m252_same 672
r8_m219_same 684
r8_m219_split 696
r8_m231_split 708
r8_m231_same 720
r8_m127_same 732
r8_m127_split 744
r8_m254_split 756
r8_m254_same 768
r8_m191_same 780
r8_m191_split 792
r8_m223_split 804
r8_m223_same 816
r8_m255_same 828
r8_m255_split 840
r16_m255_same 852
r16_m255_split 864
structured_split 870
structured_same 876
