Test project /workspace/scratch/6ba1826515f8/mcr-milestone-2a/build/sanitize
      Start 26: python_a1_support_query_export
      Start 16: python_oracle_export
 1/31 Test #26: python_a1_support_query_export ......   Passed    1.45 sec
      Start 28: python_a1_projection_export
 2/31 Test #28: python_a1_projection_export .........   Passed    0.55 sec
      Start 19: python_a1_oracle_export
 3/31 Test #19: python_a1_oracle_export .............   Passed    2.97 sec
      Start 24: python_a1_feasibility_export
 4/31 Test #24: python_a1_feasibility_export ........   Passed    0.77 sec
      Start 30: python_a1_acceptance_export
 5/31 Test #30: python_a1_acceptance_export .........   Passed    0.70 sec
      Start 22: python_a1_propagation_export
 6/31 Test #22: python_a1_propagation_export ........   Passed    0.80 sec
      Start 31: a1_acceptance
 7/31 Test #16: python_oracle_export ................   Passed   19.57 sec
      Start  4: a1_render_tests
 8/31 Test  #4: a1_render_tests .....................   Passed  106.36 sec
      Start 20: python_a1_render_agreement
 9/31 Test #20: python_a1_render_agreement ..........***Failed   98.82 sec
/workspace/scratch/6ba1826515f8/mcr-milestone-2a/tests/a1_render_tests.cpp:57: image.get()==static_cast<int>(code(label))

      Start 18: a0_acceptance
10/31 Test #18: a0_acceptance .......................   Passed   96.23 sec
      Start 12: a1_support_query_tests
11/31 Test #12: a1_support_query_tests ..............   Passed   19.34 sec
      Start 13: a1_projection_tests
12/31 Test #13: a1_projection_tests .................   Passed    9.32 sec
      Start 10: a1_propagation_tests
13/31 Test #10: a1_propagation_tests ................   Passed   16.73 sec
      Start 11: a1_feasibility_tests
Process not started
 /workspace/scratch/6ba1826515f8/mcr-milestone-2a/build/sanitize/a1_feasibility_tests
[permission denied]
14/31 Test #11: a1_feasibility_tests ................***Not Run   0.00 sec
      Start  3: render_tests
15/31 Test  #3: render_tests ........................   Passed   14.36 sec
      Start 17: python_render_agreement
16/31 Test #17: python_render_agreement .............   Passed   14.46 sec
      Start  9: a1_constraint_tests
17/31 Test  #9: a1_constraint_tests .................   Passed    8.78 sec
      Start 21: python_a1_constraint_agreement
18/31 Test #21: python_a1_constraint_agreement ......   Passed    9.20 sec
      Start 27: python_a1_support_query_agreement
19/31 Test #27: python_a1_support_query_agreement ...   Passed    2.80 sec
      Start 14: inference_tests
20/31 Test #14: inference_tests .....................   Passed    2.67 sec
      Start 15: adversarial_tests
21/31 Test #15: adversarial_tests ...................   Passed    2.65 sec
      Start 29: python_a1_projection_agreement
22/31 Test #29: python_a1_projection_agreement ......   Passed    0.72 sec
      Start  8: constraint_tests
23/31 Test  #8: constraint_tests ....................   Passed    1.68 sec
      Start 25: python_a1_feasibility_agreement
24/31 Test #25: python_a1_feasibility_agreement .....   Passed    0.59 sec
      Start 23: python_a1_propagation_agreement
25/31 Test #23: python_a1_propagation_agreement .....   Passed    0.68 sec
      Start  2: geometry_tests
26/31 Test  #2: geometry_tests ......................   Passed    1.08 sec
      Start  5: a1_geometry_tests
Process not started
 /workspace/scratch/6ba1826515f8/mcr-milestone-2a/build/sanitize/a1_geometry_tests
[permission denied]
27/31 Test  #5: a1_geometry_tests ...................***Not Run   0.00 sec
      Start  1: a1_benchmark_smoke
28/31 Test  #1: a1_benchmark_smoke ..................   Passed   22.51 sec
      Start  6: a2_geometry_tests
29/31 Test  #6: a2_geometry_tests ...................   Passed    0.90 sec
      Start  7: a2_inference_tests
30/31 Test  #7: a2_inference_tests ..................   Passed   10.22 sec
31/31 Test #31: a1_acceptance .......................   Passed  589.60 sec

90% tests passed, 3 tests failed out of 31

Total Test time (real) = 596.85 sec

The following tests FAILED:
	  5 - a1_geometry_tests (BAD_COMMAND)
	 11 - a1_feasibility_tests (BAD_COMMAND)
	 20 - python_a1_render_agreement (Failed)
Errors while running CTest
