Test project /workspace/scratch/6ba1826515f8/mcr-milestone-2a/build/a2-sanitize
      Start  1: a1_benchmark_smoke
      Start  2: geometry_tests
 1/25 Test  #2: geometry_tests ......................   Passed    0.22 sec
      Start  3: render_tests
 2/25 Test  #1: a1_benchmark_smoke ..................   Passed    2.55 sec
      Start  4: a1_render_tests
 3/25 Test  #3: render_tests ........................   Passed    2.47 sec
      Start  5: a1_geometry_tests
 4/25 Test  #5: a1_geometry_tests ...................   Passed    0.01 sec
      Start  6: a2_geometry_tests
 5/25 Test  #6: a2_geometry_tests ...................   Passed    0.14 sec
      Start  7: a2_inference_tests
 6/25 Test  #7: a2_inference_tests ..................   Passed    1.44 sec
      Start  8: constraint_tests
 7/25 Test  #8: constraint_tests ....................   Passed    0.25 sec
      Start  9: a1_constraint_tests
 8/25 Test  #9: a1_constraint_tests .................   Passed    1.29 sec
      Start 10: a1_propagation_tests
 9/25 Test #10: a1_propagation_tests ................   Passed    2.29 sec
      Start 11: a1_feasibility_tests
10/25 Test #11: a1_feasibility_tests ................   Passed    1.10 sec
      Start 12: a1_support_query_tests
11/25 Test #12: a1_support_query_tests ..............   Passed    2.33 sec
      Start 13: a1_projection_tests
12/25 Test #13: a1_projection_tests .................   Passed    1.11 sec
      Start 14: inference_tests
13/25 Test #14: inference_tests .....................   Passed    0.31 sec
      Start 15: adversarial_tests
14/25 Test #15: adversarial_tests ...................   Passed    0.35 sec
      Start 16: python_render_agreement
15/25 Test #16: python_render_agreement .............   Passed    2.02 sec
      Start 17: a0_acceptance
16/25 Test  #4: a1_render_tests .....................   Passed   13.29 sec
      Start 18: python_a1_render_agreement
17/25 Test #18: python_a1_render_agreement ..........   Passed   12.53 sec
      Start 19: python_a1_constraint_agreement
18/25 Test #17: a0_acceptance .......................   Passed   13.70 sec
      Start 20: python_a1_propagation_agreement
19/25 Test #20: python_a1_propagation_agreement .....   Passed    0.08 sec
      Start 21: python_a1_feasibility_agreement
20/25 Test #21: python_a1_feasibility_agreement .....   Passed    0.06 sec
      Start 22: python_a1_support_query_agreement
21/25 Test #22: python_a1_support_query_agreement ...   Passed    0.25 sec
      Start 23: python_a1_projection_agreement
22/25 Test #19: python_a1_constraint_agreement ......   Passed    1.08 sec
      Start 24: a1_acceptance
23/25 Test #23: python_a1_projection_agreement ......   Passed    0.10 sec
      Start 25: a2_acceptance
24/25 Test #24: a1_acceptance .......................   Passed   77.68 sec
25/25 Test #25: a2_acceptance .......................   Passed  521.92 sec

100% tests passed out of 25

Total Test time (real) = 551.45 sec
