Test project /workspace/scratch/6ba1826515f8/mcr-milestone-2a/build/release
    Start  1: a1_benchmark_smoke
1/6 Test  #1: a1_benchmark_smoke ...............   Passed    0.26 sec
    Start  8: a1_propagation_tests
2/6 Test  #8: a1_propagation_tests .............   Passed    0.16 sec
    Start  9: a1_feasibility_tests
3/6 Test  #9: a1_feasibility_tests .............   Passed    0.07 sec
    Start 10: a1_support_query_tests
4/6 Test #10: a1_support_query_tests ...........   Passed    0.15 sec
    Start 11: a1_projection_tests
Process not started
 /workspace/scratch/6ba1826515f8/mcr-milestone-2a/build/release/a1_projection_tests
[permission denied]
5/6 Test #11: a1_projection_tests ..............***Not Run   0.00 sec
    Start 12: inference_tests
6/6 Test #12: inference_tests ..................   Passed    0.03 sec

83% tests passed, 1 tests failed out of 6

Total Test time (real) =   0.67 sec

The following tests FAILED:
	 11 - a1_projection_tests (BAD_COMMAND)
Errors while running CTest
